data: {"choices":[{"delta":{"content":"","role":"assistant"},"finish_reason":null,"index":0}],"created":<time>,"id":"chatcmpl-r3","model":"","object":"chat.completion.chunk"}

<FLUSH>
data: {"choices":[{"delta":{"content":"long"},"finish_reason":null,"index":0}],"created":<time>,"id":"chatcmpl-r3","model":"","object":"chat.completion.chunk"}

<FLUSH>
data: {"choices":[{"delta":{},"finish_reason":"length","index":0}],"created":<time>,"id":"chatcmpl-r3","model":"","object":"chat.completion.chunk"}

<FLUSH>
data: [DONE]

<FLUSH>
