event: message_start
data: {"message":{"content":[],"id":"msg_<id>","model":"","role":"assistant","stop_reason":null,"stop_sequence":null,"type":"message","usage":{"input_tokens":0,"output_tokens":0}},"type":"message_start"}

<FLUSH>
event: ping
data: {"type":"ping"}

<FLUSH>
event: error
data: {"error":{"message":"bad","type":"invalid_request_error"},"type":"error"}

<FLUSH>
