{"choices":[{"finish_reason":"tool_calls","index":0,"logprobs":null,"message":{"content":null,"reasoning":"think more","reasoning_content":"think more","reasoning_details":[{"index":0,"text":"ab","type":"reasoning.text"},{"data":"x","type":"reasoning.encrypted"}],"refusal":null,"role":"assistant","tool_calls":[{"function":{"arguments":"{}","name":"fx"},"id":"t0","type":"function"},{"function":{"arguments":"{\"b\":2}","name":"g"},"id":"t1","type":"function"}]}},{"finish_reason":"stop","index":1,"logprobs":null,"message":{"content":"second","refusal":null,"role":"assistant"}}],"created":42,"id":"chatcmpl-z","model":"big","object":"chat.completion","usage":{"completion_tokens":4,"prompt_tokens":3,"total_tokens":7}}