data: {"choices":[{"delta":{"content":"","role":"assistant"},"finish_reason":null,"index":0}],"created":<time>,"id":"chatcmpl-<id>","model":"","object":"chat.completion.chunk"}

<FLUSH>
data: {"choices":[{"delta":{},"finish_reason":"stop","index":0}],"created":<time>,"id":"chatcmpl-<id>","model":"","object":"chat.completion.chunk"}

<FLUSH>
data: [DONE]

<FLUSH>
