event: message_start
data: {"message":{"content":[],"id":"msg_e","model":"m","role":"assistant","stop_reason":null,"stop_sequence":null,"type":"message","usage":{"input_tokens":0,"output_tokens":0}},"type":"message_start"}

<FLUSH>
event: ping
data: {"type":"ping"}

<FLUSH>
event: content_block_start
data: {"content_block":{"text":"","type":"text"},"index":0,"type":"content_block_start"}

<FLUSH>
event: content_block_delta
data: {"delta":{"text":"par","type":"text_delta"},"index":0,"type":"content_block_delta"}

<FLUSH>
event: error
data: {"error":{"message":"slow down","type":"rate_limit_error"},"type":"error"}

<FLUSH>
